┌──(kali㉿kali)-[~/Downloads]
└─$ python3 ./tac425_setup.py    
[*] Starting Preflight checks
[*] Running preflight checks
[+] Disk space OK (58.7 GB free)
[+] Finished Preflight checks
[*] Starting Host tools
[=] Host tools already present
[+] Finished Host tools
[*] Starting Docker
[!] Docker not found; installing Docker Engine
[*] apt update: sudo apt update
[sudo] password for kali: 
Get:1 http://kali.darklab.sh/kali kali-rolling InRelease [34.0 kB]
Get:2 http://kali.darklab.sh/kali kali-rolling/main amd64 Packages [21.1 MB]
Get:3 http://kali.darklab.sh/kali kali-rolling/main amd64 Contents (deb) [53.2 MB]
Get:4 http://kali.darklab.sh/kali kali-rolling/contrib amd64 Packages [105 kB]
Get:5 http://kali.darklab.sh/kali kali-rolling/contrib amd64 Contents (deb) [189 kB]
Get:6 http://kali.darklab.sh/kali kali-rolling/non-free amd64 Packages [175 kB]
Get:7 http://kali.darklab.sh/kali kali-rolling/non-free amd64 Contents (deb) [891 kB]
Get:8 http://kali.darklab.sh/kali kali-rolling/non-free-firmware amd64 Packages [15.8 kB]
Get:9 http://kali.darklab.sh/kali kali-rolling/non-free-firmware amd64 Contents (deb) [38.9 kB]
Fetched 75.8 MB in 4s (16.9 MB/s)                                 
1529 packages can be upgraded. Run 'apt list --upgradable' to see them.
[+] apt update complete
[*] Install Docker: sudo apt install -y docker.io
Installing:                     
  docker.io
                                                                                                                                                                                                                                            
Installing dependencies:
  containerd  criu  docker-buildx  docker-cli  libcompel1  python3-protobuf  python3-pycriu  runc  tini-static
                                                                                                                                                                                                                                            
Suggested packages:
  containernetworking-plugins  docker-doc  btrfs-progs  debootstrap  rinse  rootlesskit  xfsprogs  zfs-fuse  | zfsutils-linux

Recommended packages:
  needrestart

Summary:
  Upgrading: 0, Installing: 10, Removing: 0, Not Upgrading: 1529
  Download size: 76.6 MB
  Space needed: 326 MB / 62.8 GB available

Get:1 http://http.kali.org/kali kali-rolling/main amd64 runc amd64 1.3.5+ds1-1 [6,726 kB]
Get:3 http://us.mirror.ionos.com/linux/distributions/kali/kali kali-rolling/main amd64 libcompel1 amd64 4.2-4 [63.2 kB]
Get:5 http://http.kali.org/kali kali-rolling/main amd64 docker-buildx amd64 0.29.1+ds1-3 [14.1 MB]                                          
Get:6 http://http.kali.org/kali kali-rolling/main amd64 docker-cli amd64 28.5.2+dfsg4-2 [8,017 kB]
Get:2 http://http.kali.org/kali kali-rolling/main amd64 containerd amd64 2.1.6+ds1-1 [27.8 MB]
Get:4 http://kali.darklab.sh/kali kali-rolling/main amd64 criu amd64 4.2-4 [556 kB]                                                                                                                                                        
Get:7 http://http.kali.org/kali kali-rolling/main amd64 tini-static amd64 0.19.0-6+b1 [281 kB]                                                                                                                                             
Get:8 http://http.kali.org/kali kali-rolling/main amd64 docker.io amd64 28.5.2+dfsg4-2 [18.8 MB]                                                                                                                                           
Get:9 http://http.kali.org/kali kali-rolling/main amd64 python3-protobuf amd64 3.21.12-15+b1 [156 kB]                                                                                                                                      
Get:10 http://kali.darklab.sh/kali kali-rolling/main amd64 python3-pycriu all 4.2-4 [43.3 kB]                                                                                                                                              
Fetched 76.6 MB in 8s (9,707 kB/s)                                                                                                                                                                                                         
Preconfiguring packages ...
^[[3~Selecting previously unselected package runc.
(Reading database… 426006 files and directories currently installed.)
Preparing to unpack …/0-runc_1.3.5+ds1-1_amd64.deb…
Unpacking runc (1.3.5+ds1-1)…
Selecting previously unselected package containerd.
Preparing to unpack …/1-containerd_2.1.6+ds1-1_amd64.deb…
Unpacking containerd (2.1.6+ds1-1)…
Selecting previously unselected package libcompel1:amd64.
Preparing to unpack …/2-libcompel1_4.2-4_amd64.deb…
Unpacking libcompel1:amd64 (4.2-4)…
Selecting previously unselected package criu.
Preparing to unpack …/3-criu_4.2-4_amd64.deb…
Unpacking criu (4.2-4)…
Selecting previously unselected package docker-buildx.
Preparing to unpack …/4-docker-buildx_0.29.1+ds1-3_amd64.deb…
Unpacking docker-buildx (0.29.1+ds1-3)…
Selecting previously unselected package docker-cli.
Preparing to unpack …/5-docker-cli_28.5.2+dfsg4-2_amd64.deb…
Unpacking docker-cli (28.5.2+dfsg4-2)…
Selecting previously unselected package tini-static.
Preparing to unpack …/6-tini-static_0.19.0-6+b1_amd64.deb…
Unpacking tini-static (0.19.0-6+b1)…
Selecting previously unselected package docker.io.
Preparing to unpack …/7-docker.io_28.5.2+dfsg4-2_amd64.deb…
Unpacking docker.io (28.5.2+dfsg4-2)…
Selecting previously unselected package python3-protobuf.
Preparing to unpack …/8-python3-protobuf_3.21.12-15+b1_amd64.deb…
Unpacking python3-protobuf (3.21.12-15+b1)…
Selecting previously unselected package python3-pycriu.
Preparing to unpack …/9-python3-pycriu_4.2-4_all.deb…
Unpacking python3-pycriu (4.2-4)…
Setting up docker-cli (28.5.2+dfsg4-2)…
Setting up tini-static (0.19.0-6+b1)…
Setting up runc (1.3.5+ds1-1)…
Setting up libcompel1:amd64 (4.2-4)…
Setting up criu (4.2-4)…
Setting up python3-protobuf (3.21.12-15+b1)…
Setting up containerd (2.1.6+ds1-1)…
containerd.service is a disabled or a static unit, not starting it.
Setting up docker-buildx (0.29.1+ds1-3)…
Setting up python3-pycriu (4.2-4)…
Setting up docker.io (28.5.2+dfsg4-2)…
update-rc.d: We have no instructions for the docker init script.
update-rc.d: It looks like a non-network service, we enable it.
Created symlink '/etc/systemd/system/multi-user.target.wants/docker.service' → '/usr/lib/systemd/system/docker.service'.
Created symlink '/etc/systemd/system/sockets.target.wants/docker.socket' → '/usr/lib/systemd/system/docker.socket'.
Processing triggers for kali-menu (2026.1.5)…
Processing triggers for libc-bin (2.42-13)…
Processing triggers for man-db (2.13.1-1)…
[+] Install Docker complete
[*] Install Docker Compose: sudo apt install -y docker-compose
Installing:                     
  docker-compose
                                                                                                                                                                                                                                            
Summary:
  Upgrading: 0, Installing: 1, Removing: 0, Not Upgrading: 1529
  Download size: 13.9 MB
  Space needed: 69.4 MB / 62.5 GB available

Get:1 http://kali.download/kali kali-rolling/main amd64 docker-compose amd64 2.40.3-3 [13.9 MB]
Fetched 13.9 MB in 1s (22.1 MB/s)       
Selecting previously unselected package docker-compose.
(Reading database… 426573 files and directories currently installed.)
Preparing to unpack …/docker-compose_2.40.3-3_amd64.deb…
Unpacking docker-compose (2.40.3-3)…
Setting up docker-compose (2.40.3-3)…
Processing triggers for kali-menu (2026.1.5)…
Processing triggers for man-db (2.13.1-1)…
[+] Install Docker Compose complete
[*] Enable and start Docker: sudo systemctl enable --now docker
Synchronizing state of docker.service with SysV service script with /usr/lib/systemd/systemd-sysv-install.
Executing: /usr/lib/systemd/systemd-sysv-install enable docker
[+] Enable and start Docker complete
[*] Verify Docker: sudo docker --version
Docker version 28.5.2+dfsg4, build 9cc6dea35e9a963f281434761c656fba4ac43aed
[+] Verify Docker complete
[*] Add user to docker group: sudo usermod -aG docker kali
[+] Add user to docker group complete
[!] Log out and back in once after install so Docker works without sudo
[+] Finished Docker
[*] Starting Wordlists
[*] Unzip rockyou: sudo gzip -d /usr/share/wordlists/rockyou.txt.gz
[+] Unzip rockyou complete
[*] Clone SecLists: sudo git clone https://github.com/danielmiessler/SecLists.git /usr/share/wordlists/SecLists
Cloning into '/usr/share/wordlists/SecLists'...
remote: Enumerating objects: 60745, done.
remote: Counting objects: 100% (14/14), done.
remote: Compressing objects: 100% (12/12), done.
remote: Total 60745 (delta 7), reused 2 (delta 2), pack-reused 60731 (from 3)
Receiving objects: 100% (60745/60745), 3.18 GiB | 28.09 MiB/s, done.
Resolving deltas: 100% (43836/43836), done.
Updating files: 100% (6272/6272), done.
[+] Clone SecLists complete
[+] Wordlists ready
[+] Finished Wordlists
[*] Starting Wordlist symlink
[+] Created symlink /home/kali/TAC425/wordlists -> /usr/share/wordlists
[+] Finished Wordlist symlink
[*] Starting Assets
[+] DNS assets ready
[+] Created bridge hint asset /home/kali/Downloads/assets/bridge/week01.txt
[+] Created bridge hint asset /home/kali/Downloads/assets/bridge/week02.txt
[+] Created bridge hint asset /home/kali/Downloads/assets/bridge/week03.txt
[+] Created bridge hint asset /home/kali/Downloads/assets/bridge/week04.txt
[+] Created bridge hint asset /home/kali/Downloads/assets/bridge/week05.txt
[+] Created bridge hint asset /home/kali/Downloads/assets/bridge/week06.txt
[+] Created bridge hint asset /home/kali/Downloads/assets/bridge/week07.txt
[+] Created bridge hint asset /home/kali/Downloads/assets/bridge/week08.txt
[+] Created bridge hint asset /home/kali/Downloads/assets/bridge/week09.txt
[+] Created bridge hint asset /home/kali/Downloads/assets/bridge/week10.txt
[+] Created bridge hint asset /home/kali/Downloads/assets/bridge/week11.txt
[+] Created bridge hint asset /home/kali/Downloads/assets/bridge/week12.txt
[+] Created bridge hint asset /home/kali/Downloads/assets/bridge/week13.txt
[+] Created bridge hint asset /home/kali/Downloads/assets/bridge/week14.txt
[+] Created placeholder asset /home/kali/Downloads/assets/lab01/contact.html
[+] Created placeholder asset /home/kali/Downloads/assets/lab02/itp425.txt
[+] Created placeholder asset /home/kali/Downloads/assets/lab03/drupal8.txt
[+] Created placeholder asset /home/kali/Downloads/assets/lab03/webmin.txt
[+] Created placeholder asset /home/kali/Downloads/assets/lab04/clusterbomb.txt
[+] Created placeholder asset /home/kali/Downloads/assets/lab09/flag.txt
[+] Created placeholder ZIP /home/kali/Downloads/assets/lab10/tomcat-stuff.zip
[+] Created placeholder asset /home/kali/Downloads/assets/lab10/xml.bak
[+] Created placeholder asset /home/kali/Downloads/assets/lab11/robots.txt
[+] Created placeholder asset /home/kali/Downloads/assets/lab12/access.log
[+] Finished Assets
[*] Starting Attach hints
[+] Finished Attach hints
[*] Starting Build labs
[*] Pull xxe_widget (attempt 1/3): sudo docker pull neuralegion/xxelab
Using default tag: latest
latest: Pulling from neuralegion/xxelab
2e6e20c8e2e6: Pull complete 
30bb187ac3fc: Pull complete 
b7a5bcc4a58a: Pull complete 
52d1ce7b70b7: Pull complete 
4987111b7e8c: Pull complete 
92a7eeefc732: Pull complete 
40cada2de193: Pull complete 
Digest: sha256:a53fbaae612453b3e249ad3c3c41301cf0a50b147d730bb78c59353999c140a4
Status: Downloaded newer image for neuralegion/xxelab:latest
docker.io/neuralegion/xxelab:latest
[+] Pull xxe_widget complete
[*] Start temp xxe_widget: sudo docker run -d --name tac425_build_xxe_widget neuralegion/xxelab
fc1caa8e978a4bf096d51f61d025ef8c759f5df782fafb034ba32e626fa67434
[+] Start temp xxe_widget complete
[*] Create path for xxe_widget: sudo docker exec -u root tac425_build_xxe_widget mkdir -p /var/www/html
[+] Create path for xxe_widget complete
[*] Inject into xxe_widget: sudo docker cp /home/kali/Downloads/assets/lab01/contact.html tac425_build_xxe_widget:/var/www/html/contact.html
Successfully copied 2.05kB to tac425_build_xxe_widget:/var/www/html/contact.html
[+] Inject into xxe_widget complete
[*] Create path for xxe_widget: sudo docker exec -u root tac425_build_xxe_widget mkdir -p /var/www/html/.bridge
[+] Create path for xxe_widget complete
[*] Inject into xxe_widget: sudo docker cp /home/kali/Downloads/assets/bridge/week01.txt tac425_build_xxe_widget:/var/www/html/.bridge/week02.txt
Successfully copied 2.05kB to tac425_build_xxe_widget:/var/www/html/.bridge/week02.txt
[+] Inject into xxe_widget complete
[*] Commit xxe_widget: sudo docker commit tac425_build_xxe_widget tac425/xxe_widget:latest
sha256:40c993af830b67e40068a13f2e6b04543cbd67ee5801269dab369fec7a614163
[+] Commit xxe_widget complete
[*] Build dns_zone: sudo docker build -t tac425/dns_zone:latest -f /home/kali/Downloads/assets/dns/Dockerfile /home/kali/Downloads/assets/dns
[+] Building 10.4s (10/10) FINISHED                                                                                                                                                                                          docker:default
 => [internal] load build definition from Dockerfile                                                                                                                                                                                   0.0s
 => => transferring dockerfile: 403B                                                                                                                                                                                                   0.0s 
 => [internal] load metadata for docker.io/library/ubuntu:22.04                                                                                                                                                                        1.1s 
 => [internal] load .dockerignore                                                                                                                                                                                                      0.0s
 => => transferring context: 2B                                                                                                                                                                                                        0.0s 
 => [internal] load build context                                                                                                                                                                                                      0.0s 
 => => transferring context: 680B                                                                                                                                                                                                      0.0s 
 => [1/5] FROM docker.io/library/ubuntu:22.04@sha256:4f838adc7181d9039ac795a7d0aba05a9bd9ecd480d294483169c5def983b64d                                                                                                                  2.7s 
 => => resolve docker.io/library/ubuntu:22.04@sha256:4f838adc7181d9039ac795a7d0aba05a9bd9ecd480d294483169c5def983b64d                                                                                                                  0.0s
 => => sha256:4f838adc7181d9039ac795a7d0aba05a9bd9ecd480d294483169c5def983b64d 6.69kB / 6.69kB                                                                                                                                         0.0s 
 => => sha256:ce941a2a18bbb922e434d6d6d2b31e571a5c3826eaf6ada0a41dcc905bd2d906 424B / 424B                                                                                                                                             0.0s 
 => => sha256:86f1a8d7b38e7a014c249cf2ca573c8ff7ce3cca128c5c06dcee758813726f90 2.05kB / 2.05kB                                                                                                                                         0.0s 
 => => sha256:40d16f30db405106ef8074779bdf41f012465c2a785bbeaa2eab9f2081099b47 29.74MB / 29.74MB                                                                                                                                       0.5s 
 => => extracting sha256:40d16f30db405106ef8074779bdf41f012465c2a785bbeaa2eab9f2081099b47                                                                                                                                              2.1s
 => [2/5] RUN apt-get update && apt-get install -y bind9 bind9utils bind9-dnsutils && rm -rf /var/lib/apt/lists/*                                                                                                                      6.1s
 => [3/5] COPY named.conf /etc/bind/named.conf                                                                                                                                                                                         0.0s 
 => [4/5] COPY named.conf.local /etc/bind/named.conf.local                                                                                                                                                                             0.0s 
 => [5/5] COPY db.tac425.net /etc/bind/db.tac425.net                                                                                                                                                                                   0.0s 
 => exporting to image                                                                                                                                                                                                                 0.3s 
 => => exporting layers                                                                                                                                                                                                                0.2s 
 => => writing image sha256:6291c60cf1e2fc1200cf868dfc06e2c3c0b70e6090a105fcc4a483f82ce5881d                                                                                                                                           0.0s 
 => => naming to docker.io/tac425/dns_zone:latest                                                                                                                                                                                      0.0s
[+] Build dns_zone complete                                                                                                                                                                                                                 
[*] Pull phpldapadmin (attempt 1/3): sudo docker pull vulnerables/phpldapadmin-remote-dump
Using default tag: latest
latest: Pulling from vulnerables/phpldapadmin-remote-dump
85b1f47fba49: Pull complete 
1406c5a3b11f: Pull complete 
51e1c5413cb1: Pull complete 
0f58a749da24: Pull complete 
82f3328ff269: Pull complete 
d6710c80c38e: Pull complete 
3d51af55eb9b: Pull complete 
01ea571a9612: Pull complete 
d794da917e09: Pull complete 
38d3f6bb3204: Pull complete 
b03950cfabc0: Pull complete 
ab4587fc57bc: Pull complete 
1bc71bcd132d: Pull complete 
Digest: sha256:2ec64131845b516d96d97509aee9cff5aa40553536e73fa1770c48b76a5ca267
Status: Downloaded newer image for vulnerables/phpldapadmin-remote-dump:latest
docker.io/vulnerables/phpldapadmin-remote-dump:latest
[+] Pull phpldapadmin complete
[*] Start temp phpldapadmin: sudo docker run -d --name tac425_build_phpldapadmin vulnerables/phpldapadmin-remote-dump
5c496bfc70061574c42ced927c4d270a114fec19344783f930c4fc82c1979cac
[+] Start temp phpldapadmin complete
[*] Create path for phpldapadmin: sudo docker exec -u root tac425_build_phpldapadmin mkdir -p /var/www/html
[+] Create path for phpldapadmin complete
[*] Inject into phpldapadmin: sudo docker cp /home/kali/Downloads/assets/lab02/itp425.txt tac425_build_phpldapadmin:/var/www/html/itp425.txt
Successfully copied 2.05kB to tac425_build_phpldapadmin:/var/www/html/itp425.txt
[+] Inject into phpldapadmin complete
[*] Create path for phpldapadmin: sudo docker exec -u root tac425_build_phpldapadmin mkdir -p /var/www/html/.bridge
[+] Create path for phpldapadmin complete
[*] Inject into phpldapadmin: sudo docker cp /home/kali/Downloads/assets/bridge/week02.txt tac425_build_phpldapadmin:/var/www/html/.bridge/week03.txt
Successfully copied 2.05kB to tac425_build_phpldapadmin:/var/www/html/.bridge/week03.txt
[+] Inject into phpldapadmin complete
[*] Commit phpldapadmin: sudo docker commit tac425_build_phpldapadmin tac425/phpldapadmin:latest
sha256:f438eb814d52ad4371d528abc3daa33f609b18f288641eedc5b48e714eb93098
[+] Commit phpldapadmin complete
[*] Pull drupal8 (attempt 1/3): sudo docker pull logeecom/drupal831
Using default tag: latest
latest: Pulling from logeecom/drupal831
6d827a3ef358: Pull complete 
87fe8fbc743a: Pull complete 
f6d1a8d304ab: Pull complete 
caf3547d9b73: Pull complete 
1004db2760ff: Pull complete 
66e2d66a547e: Pull complete 
bbfaa62c234a: Pull complete 
19ce8807f4d1: Pull complete 
65dc0142d59b: Pull complete 
a95f4fa43ae2: Pull complete 
f4edd48c3730: Pull complete 
d58fc629c9d1: Pull complete 
c75a71ebb7f4: Pull complete 
e20984fac0f7: Pull complete 
d4de3582ce13: Pull complete 
ddad5f54502a: Pull complete 
a9d9bbca4915: Pull complete 
085b768cb462: Pull complete 
bdd9ea597c72: Pull complete 
3fb3faa5c481: Pull complete 
3081461dab9c: Pull complete 
c81fd7dc4c06: Pull complete 
d3f9f1f47ace: Pull complete 
f287983451bb: Pull complete 
a92fb67b77fe: Pull complete 
aeb8be7d6125: Pull complete 
bdaf36914bb4: Pull complete 
76a120f3957f: Pull complete 
fc85dee292f4: Pull complete 
e11d990f336f: Pull complete 
96cb3649ea90: Pull complete 
d3d0e26de0e4: Pull complete 
294665b7215a: Pull complete 
Digest: sha256:4a8d157af6185b40261174f2c2b316a5d2b43765f2c7d6ee92d35e4851a25de6
Status: Downloaded newer image for logeecom/drupal831:latest
docker.io/logeecom/drupal831:latest
[+] Pull drupal8 complete
[*] Start temp drupal8: sudo docker run -d --name tac425_build_drupal8 logeecom/drupal831
e8d16cfefc5e5b517451c3d0bc41e67ce952e2dbec616c8c94adcaf08e9a2c40
[+] Start temp drupal8 complete
[*] Create path for drupal8: sudo docker exec -u root tac425_build_drupal8 mkdir -p /var/www/html
[+] Create path for drupal8 complete
[*] Inject into drupal8: sudo docker cp /home/kali/Downloads/assets/lab03/drupal8.txt tac425_build_drupal8:/var/www/html/drupal8.txt
Successfully copied 2.05kB to tac425_build_drupal8:/var/www/html/drupal8.txt
[+] Inject into drupal8 complete
[*] Commit drupal8: sudo docker commit tac425_build_drupal8 tac425/drupal8:latest
sha256:d7e6cf38e28ef2290d01330fa937022a213dde37681b1b609c0030345bbdbf71
[+] Commit drupal8 complete
[*] Pull webmin (attempt 1/3): sudo docker pull vulfocus/webmin_cve-2022-0824
Using default tag: latest
latest: Pulling from vulfocus/webmin_cve-2022-0824
284055322776: Pull complete 
b68fb85834d9: Pull complete 
91df16cd1213: Pull complete 
cd8b61ff60e3: Pull complete 
be0427f51b92: Pull complete 
14991abbe5cc: Pull complete 
Digest: sha256:340c172c1ba3ea8fc4ebc3d646aeb82b947359b6e9c4d8e568279eaaf539bdbf
Status: Downloaded newer image for vulfocus/webmin_cve-2022-0824:latest
docker.io/vulfocus/webmin_cve-2022-0824:latest
[+] Pull webmin complete
[*] Start temp webmin: sudo docker run -d --name tac425_build_webmin vulfocus/webmin_cve-2022-0824
131f0fd28d63c86b2b7b098ab663a1aedcaa44c82453b84014e29f4d581a003b
[+] Start temp webmin complete
[*] Create path for webmin: sudo docker exec -u root tac425_build_webmin mkdir -p /etc/webmin
[+] Create path for webmin complete
[*] Inject into webmin: sudo docker cp /home/kali/Downloads/assets/lab03/webmin.txt tac425_build_webmin:/etc/webmin/webmin.txt
Successfully copied 2.05kB to tac425_build_webmin:/etc/webmin/webmin.txt
[+] Inject into webmin complete
[*] Commit webmin: sudo docker commit tac425_build_webmin tac425/webmin:latest
sha256:60c6c1fba78a495b5db134a82280871e0398de9fd6d0fbd44ace37d3d9d7658b
[+] Commit webmin complete
[*] Pull heartbleed (attempt 1/3): sudo docker pull kacperzuk/heartbleed-testbed-nginx-bleed
Using default tag: latest
latest: Pulling from kacperzuk/heartbleed-testbed-nginx-bleed
bf5d46315322: Pull complete 
9f13e0ac480c: Pull complete 
e8988b5b3097: Pull complete 
40af181810e7: Pull complete 
e6f7c7e5c03e: Pull complete 
f667fcd135f9: Pull complete 
7a6a134a9209: Pull complete 
edea21e7d396: Pull complete 
66fad4a1fadc: Pull complete 
83c57c3b628c: Pull complete 
ad29596193f6: Pull complete 
a100031d1dc2: Pull complete 
3987a0074b57: Pull complete 
5c309df369f4: Pull complete 
27469c0c5089: Pull complete 
b9eb921626d0: Pull complete 
007d683fe0d1: Pull complete 
fd6bf332e15e: Pull complete 
Digest: sha256:cc93ad776ed7280c30f6dc672b3663ff561e41d90fd25154bdbe66f8ada3e32e
Status: Downloaded newer image for kacperzuk/heartbleed-testbed-nginx-bleed:latest
docker.io/kacperzuk/heartbleed-testbed-nginx-bleed:latest
[+] Pull heartbleed complete
[*] Start temp heartbleed: sudo docker run -d --name tac425_build_heartbleed kacperzuk/heartbleed-testbed-nginx-bleed
8c6e67352aac85a15419bc5db38c4e8a3e32fcfb732ddff6a0bae7484ec2e250
[+] Start temp heartbleed complete
[*] Commit heartbleed: sudo docker commit tac425_build_heartbleed tac425/heartbleed:latest
sha256:bdc8becf9ac39e70b21352c8c3625a38d45d44049c1097fde58aeeaf50936b3b
[+] Commit heartbleed complete
[*] Pull struts2 (attempt 1/3): sudo docker pull vantagepointdocker/cve-2023-50164
Using default tag: latest
Error response from daemon: Head "https://registry-1.docker.io/v2/vantagepointdocker/cve-2023-50164/manifests/latest": Get "https://auth.docker.io/token?scope=repository%3Avantagepointdocker%2Fcve-2023-50164%3Apull&service=registry.docker.io": read tcp [2603:8000:753f:bcfc::170]:33858->[2a06:98c1:3106::6812:2bb2]:443: read: connection reset by peer
[!] Pull struts2 failed on attempt 1/3: Command '['sudo', 'docker', 'pull', 'vantagepointdocker/cve-2023-50164']' returned non-zero exit status 1.
[*] Retrying in 5s...
[*] Pull struts2 (attempt 2/3): sudo docker pull vantagepointdocker/cve-2023-50164
Using default tag: latest
latest: Pulling from vantagepointdocker/cve-2023-50164
d0034faf7acc: Pull complete 
cba4cc8da3c9: Pull complete 
27c117d16777: Pull complete 
e0fd8dcd3ba2: Pull complete 
82701d27a863: Pull complete 
69928c03345c: Pull complete 
a49a1d7c2ae6: Pull complete 
cba4c2d49f6f: Pull complete 
Digest: sha256:f6ecbf7c467b336f5b3a0cc151c4bd492f8b275e8d6f3e49ae7f09259f1e79d2
Status: Downloaded newer image for vantagepointdocker/cve-2023-50164:latest
docker.io/vantagepointdocker/cve-2023-50164:latest
[+] Pull struts2 complete
[*] Start temp struts2: sudo docker run -d --name tac425_build_struts2 vantagepointdocker/cve-2023-50164
45feb7c20ee1e618ad5abb162db8688cc1c5e15815e44d6520314f356798d58e
[+] Start temp struts2 complete
[*] Commit struts2: sudo docker commit tac425_build_struts2 tac425/struts2:latest
sha256:ac144433aca4883555a80ef36a79539cccd63128262a3a358080d9e1e9b11264
[+] Commit struts2 complete
[*] Pull spring4shell (attempt 1/3): sudo docker pull dockerbucket/cve-2022-22965
Using default tag: latest
latest: Pulling from dockerbucket/cve-2022-22965
dbba69284b27: Pull complete 
9baf437a1bad: Pull complete 
6ade5c59e324: Pull complete 
b19a994f6d4c: Pull complete 
43c0aceedb57: Pull complete 
24e7c71ec633: Pull complete 
612cf131e488: Pull complete 
dc655e69dd90: Pull complete 
c2c8d8662720: Pull complete 
aa72b09bb9e4: Pull complete 
0fa32e1a78dc: Pull complete 
b3cba4ff0348: Pull complete 
0840c0895128: Pull complete 
e40c3727fd87: Pull complete 
8f072ef52e78: Pull complete 
Digest: sha256:181d0602394874372aa3279dd013cd71538d74c6aaa68ff77eb139471147e311
Status: Downloaded newer image for dockerbucket/cve-2022-22965:latest
docker.io/dockerbucket/cve-2022-22965:latest
[+] Pull spring4shell complete
[*] Start temp spring4shell: sudo docker run -d --name tac425_build_spring4shell dockerbucket/cve-2022-22965
a0c0a980d9aa7457f147607be7c5e358d3e95867860a65f2188c1b44432fe316
[+] Start temp spring4shell complete
[*] Commit spring4shell: sudo docker commit tac425_build_spring4shell tac425/spring4shell:latest
sha256:d616f06bf2807522ace8dc25bbffa6e562d328ace47df249dce6793e24a6dfaf
[+] Commit spring4shell complete
[*] Pull bwapp (attempt 1/3): sudo docker pull raesene/bwapp
Using default tag: latest
latest: Pulling from raesene/bwapp
8387d9ff0016: Pull complete 
3b52deaaf0ed: Pull complete 
4bd501fad6de: Pull complete 
790f0e8363b9: Pull complete 
11f87572ad81: Pull complete 
341e06373981: Pull complete 
709079cecfb8: Pull complete 
55bf9bbb788a: Pull complete 
b41f3cfd3d47: Pull complete 
70789ae370c5: Pull complete 
43f2fd9a6779: Pull complete 
6a0b3a1558bd: Pull complete 
934438c9af31: Pull complete 
1cfba20318ab: Pull complete 
de7f3e54c21c: Pull complete 
596da16c3b16: Pull complete 
e94007c4319f: Pull complete 
3c013e645156: Pull complete 
73e2dee8c677: Pull complete 
e97bc0ae6fa5: Pull complete 
Digest: sha256:2f41183ea9f9e8fb36678d7a2a0c8a9db9a59f4569cee02fe6664b419b2600ee
Status: Downloaded newer image for raesene/bwapp:latest
docker.io/raesene/bwapp:latest
[+] Pull bwapp complete
[*] Start temp bwapp: sudo docker run -d --name tac425_build_bwapp raesene/bwapp
65e1042c6c3fc579c151f810b12a13fab9c0de6477eedfff0dac1f3cde0cd299
[+] Start temp bwapp complete
[*] Create path for bwapp: sudo docker exec -u root tac425_build_bwapp mkdir -p /var/www/html/.hints
[+] Create path for bwapp complete
[*] Inject into bwapp: sudo docker cp /home/kali/Downloads/assets/lab04/clusterbomb.txt tac425_build_bwapp:/var/www/html/.hints/clusterbomb.txt
Successfully copied 2.05kB to tac425_build_bwapp:/var/www/html/.hints/clusterbomb.txt
[+] Inject into bwapp complete
[*] Create path for bwapp: sudo docker exec -u root tac425_build_bwapp mkdir -p /var/www/html
[+] Create path for bwapp complete
[*] Inject into bwapp: sudo docker cp /home/kali/Downloads/assets/lab11/robots.txt tac425_build_bwapp:/var/www/html/robots.txt
Successfully copied 2.05kB to tac425_build_bwapp:/var/www/html/robots.txt
[+] Inject into bwapp complete
[*] Create path for bwapp: sudo docker exec -u root tac425_build_bwapp mkdir -p /var/www/html/.bridge
[+] Create path for bwapp complete
[*] Inject into bwapp: sudo docker cp /home/kali/Downloads/assets/bridge/week03.txt tac425_build_bwapp:/var/www/html/.bridge/week04.txt
Successfully copied 2.05kB to tac425_build_bwapp:/var/www/html/.bridge/week04.txt
[+] Inject into bwapp complete
[*] Commit bwapp: sudo docker commit tac425_build_bwapp tac425/bwapp:latest
sha256:b52ac2b7289550750b2551ff34bd77f7d0f4c4b5e15dd9325bc29d853c6a72fb
[+] Commit bwapp complete
[*] Pull dvwa (attempt 1/3): sudo docker pull santosomar/dvwa
Using default tag: latest
latest: Pulling from santosomar/dvwa
85b1f47fba49: Already exists 
299b9398a225: Pull complete 
13fb3673ba5a: Pull complete 
56ee6b5e521b: Pull complete 
242df821b781: Pull complete 
22f3b5333f68: Pull complete 
70f0aa1cfe21: Pull complete 
Digest: sha256:884f5a7a63f4a97b470050978b0ebd465f2b7028b740bbedb8382ee7313ed247
Status: Downloaded newer image for santosomar/dvwa:latest
docker.io/santosomar/dvwa:latest
[+] Pull dvwa complete
[*] Start temp dvwa: sudo docker run -d --name tac425_build_dvwa santosomar/dvwa
7bcf8e07485784656223f345e3e4ee4d154217aff55a1f97123a010b33739505
[+] Start temp dvwa complete
[*] Create path for dvwa: sudo docker exec -u root tac425_build_dvwa mkdir -p /var/www/html/.hints
[+] Create path for dvwa complete
[*] Inject into dvwa: sudo docker cp /home/kali/Downloads/assets/lab04/clusterbomb.txt tac425_build_dvwa:/var/www/html/.hints/clusterbomb.txt
Successfully copied 2.05kB to tac425_build_dvwa:/var/www/html/.hints/clusterbomb.txt
[+] Inject into dvwa complete
[*] Create path for dvwa: sudo docker exec -u root tac425_build_dvwa mkdir -p /var/www/html/.bridge
[+] Create path for dvwa complete
[*] Inject into dvwa: sudo docker cp /home/kali/Downloads/assets/bridge/week04.txt tac425_build_dvwa:/var/www/html/.bridge/week05.txt
Successfully copied 2.05kB to tac425_build_dvwa:/var/www/html/.bridge/week05.txt
[+] Inject into dvwa complete
[*] Commit dvwa: sudo docker commit tac425_build_dvwa tac425/dvwa:latest
sha256:5412adcfafcca5b7cdbd6c889b8b1e4390e5a8a81c0af5c306f90fc0f10b8f3f
[+] Commit dvwa complete
[*] Pull mutillidae (attempt 1/3): sudo docker pull kirscht/mutillidae
Using default tag: latest
latest: Pulling from kirscht/mutillidae
8387d9ff0016: Already exists 
3b52deaaf0ed: Already exists 
4bd501fad6de: Already exists 
a3ed95caeb02: Pull complete 
790f0e8363b9: Pull complete 
11f87572ad81: Pull complete 
341e06373981: Pull complete 
709079cecfb8: Pull complete 
55bf9bbb788a: Pull complete 
b41f3cfd3d47: Pull complete 
70789ae370c5: Pull complete 
43f2fd9a6779: Pull complete 
6a0b3a1558bd: Pull complete 
934438c9af31: Pull complete 
1cfba20318ab: Pull complete 
de7f3e54c21c: Pull complete 
596da16c3b16: Pull complete 
e94007c4319f: Pull complete 
3c013e645156: Pull complete 
e75bb486a4a4: Pull complete 
a606d06e79b9: Pull complete 
8abf4b6f7b90: Pull complete 
Digest: sha256:acd5b24b2e816c818ce413df30877ff00211976804a4c9ce3b150035de7a8dab
Status: Downloaded newer image for kirscht/mutillidae:latest
docker.io/kirscht/mutillidae:latest
[+] Pull mutillidae complete
[*] Start temp mutillidae: sudo docker run -d --name tac425_build_mutillidae kirscht/mutillidae
9b79961dc4c34ddb0968d4e082768fa419035c55795307e76066642343215a71
[+] Start temp mutillidae complete
[*] Create path for mutillidae: sudo docker exec -u root tac425_build_mutillidae mkdir -p /var/www/html/.hints
[+] Create path for mutillidae complete
[*] Inject into mutillidae: sudo docker cp /home/kali/Downloads/assets/lab04/clusterbomb.txt tac425_build_mutillidae:/var/www/html/.hints/clusterbomb.txt
Successfully copied 2.05kB to tac425_build_mutillidae:/var/www/html/.hints/clusterbomb.txt
[+] Inject into mutillidae complete
[*] Create path for mutillidae: sudo docker exec -u root tac425_build_mutillidae mkdir -p /var/www/html
[+] Create path for mutillidae complete
[*] Inject into mutillidae: sudo docker cp /home/kali/Downloads/assets/lab11/robots.txt tac425_build_mutillidae:/var/www/html/robots.txt
Successfully copied 2.05kB to tac425_build_mutillidae:/var/www/html/robots.txt
[+] Inject into mutillidae complete
[*] Create path for mutillidae: sudo docker exec -u root tac425_build_mutillidae mkdir -p /var/log/apache2
[+] Create path for mutillidae complete
[*] Inject into mutillidae: sudo docker cp /home/kali/Downloads/assets/lab12/access.log tac425_build_mutillidae:/var/log/apache2/access.log
Successfully copied 2.05kB to tac425_build_mutillidae:/var/log/apache2/access.log
[+] Inject into mutillidae complete
[*] Create path for mutillidae: sudo docker exec -u root tac425_build_mutillidae mkdir -p /var/www/html/.bridge
[+] Create path for mutillidae complete
[*] Inject into mutillidae: sudo docker cp /home/kali/Downloads/assets/bridge/week14.txt tac425_build_mutillidae:/var/www/html/.bridge/week15.txt
Successfully copied 2.05kB to tac425_build_mutillidae:/var/www/html/.bridge/week15.txt
[+] Inject into mutillidae complete
[*] Commit mutillidae: sudo docker commit tac425_build_mutillidae tac425/mutillidae:latest
sha256:51a9a8c8ee1b81f51ff09f80dbbadbf44b5ccb86c074a120736089fef09d89b3
[+] Commit mutillidae complete
[*] Pull path_traversal (attempt 1/3): sudo docker pull blueteamsteve/cve-2021-41773:no-cgid
no-cgid: Pulling from blueteamsteve/cve-2021-41773
07aded7c29c6: Pull complete 
05bb40c8f148: Pull complete 
0827b74117da: Pull complete 
35a526fdcc7d: Pull complete 
59fed288cd32: Pull complete 
a69805f05865: Pull complete 
Digest: sha256:2cbb4853868877bbf462f4dd4428a861b15afc7042f4590ad64ffc0ff573d180
Status: Downloaded newer image for blueteamsteve/cve-2021-41773:no-cgid
docker.io/blueteamsteve/cve-2021-41773:no-cgid
[+] Pull path_traversal complete
[*] Start temp path_traversal: sudo docker run -d --name tac425_build_path_traversal blueteamsteve/cve-2021-41773:no-cgid
08bde1d582a03e7f552dcc63b8cf99119ed64d89957f436a79fe95752a96c56b
[+] Start temp path_traversal complete
[*] Create path for path_traversal: sudo docker exec -u root tac425_build_path_traversal mkdir -p /var/www/html/.bridge
[+] Create path for path_traversal complete
[*] Inject into path_traversal: sudo docker cp /home/kali/Downloads/assets/bridge/week05.txt tac425_build_path_traversal:/var/www/html/.bridge/week06.txt
Successfully copied 2.05kB to tac425_build_path_traversal:/var/www/html/.bridge/week06.txt
[+] Inject into path_traversal complete
[*] Commit path_traversal: sudo docker commit tac425_build_path_traversal tac425/path_traversal:latest
sha256:e4ec7542c61be1cacd4cee73cfd53447d1c0ad14caa5a0304f7658eeb916b6a1
[+] Commit path_traversal complete
[*] Pull juice_shop (attempt 1/3): sudo docker pull santosomar/juice-shop
Using default tag: latest
latest: Pulling from santosomar/juice-shop
aad63a933944: Pull complete 
1e6875f31a79: Pull complete 
dee60dddbbe0: Pull complete 
ea56792bc485: Pull complete 
a8a8ac8ad640: Pull complete 
26986b4e7948: Pull complete 
2a5ac8b120b7: Pull complete 
ae7aea121bcc: Pull complete 
Digest: sha256:44bb63664033f0085397c4b096e5a9eb1d1e9807ef0803b3726161f883567a1c
Status: Downloaded newer image for santosomar/juice-shop:latest
docker.io/santosomar/juice-shop:latest
[+] Pull juice_shop complete
[*] Start temp juice_shop: sudo docker run -d --name tac425_build_juice_shop santosomar/juice-shop
d8e4f75ce617df56a3cf227048794bdb28fac28565fb0980005f968917fb116e
[+] Start temp juice_shop complete
[*] Create path for juice_shop: sudo docker exec -u root tac425_build_juice_shop mkdir -p /app/.bridge
[+] Create path for juice_shop complete
[*] Inject into juice_shop: sudo docker cp /home/kali/Downloads/assets/bridge/week06.txt tac425_build_juice_shop:/app/.bridge/week07.txt
Successfully copied 2.05kB to tac425_build_juice_shop:/app/.bridge/week07.txt
[+] Inject into juice_shop complete
[*] Create path for juice_shop: sudo docker exec -u root tac425_build_juice_shop mkdir -p /app/.bridge
[+] Create path for juice_shop complete
[*] Inject into juice_shop: sudo docker cp /home/kali/Downloads/assets/bridge/week08.txt tac425_build_juice_shop:/app/.bridge/week09.txt
Successfully copied 2.05kB to tac425_build_juice_shop:/app/.bridge/week09.txt
[+] Inject into juice_shop complete
[*] Commit juice_shop: sudo docker commit tac425_build_juice_shop tac425/juice_shop:latest
sha256:b955897da267009b30a408ec7797b3c7fd0027e36b4a49cc0be9c62bafb1ae8a
[+] Commit juice_shop complete
[*] Pull dvna (attempt 1/3): sudo docker pull appsecco/dvna:sqlite
sqlite: Pulling from appsecco/dvna
57936531d1ee: Pull complete 
b186cf19f9ed: Pull complete 
eadbf8312262: Pull complete 
cf528b18b6ce: Pull complete 
075c4f074e90: Pull complete 
d0562d9451f1: Pull complete 
48671e1607ad: Pull complete 
4879e9b180ec: Pull complete 
4bcad28e8244: Pull complete 
Digest: sha256:2657051b73ac8f879d3a3b419b4618d98e4596a0fe27f8e91582c403541ef1b0
Status: Downloaded newer image for appsecco/dvna:sqlite
docker.io/appsecco/dvna:sqlite
[+] Pull dvna complete
[*] Start temp dvna: sudo docker run -d --name tac425_build_dvna appsecco/dvna:sqlite
1bc2092583e3e55a7d5dc164e3f0ef945c2b36a98c85ecb0d8eb7d4f6fbbdeec
[+] Start temp dvna complete
[*] Create path for dvna: sudo docker exec -u root tac425_build_dvna mkdir -p /app/.bridge
[+] Create path for dvna complete
[*] Inject into dvna: sudo docker cp /home/kali/Downloads/assets/bridge/week07.txt tac425_build_dvna:/app/.bridge/week08.txt
Successfully copied 2.05kB to tac425_build_dvna:/app/.bridge/week08.txt
[+] Inject into dvna complete
[*] Create path for dvna: sudo docker exec -u root tac425_build_dvna mkdir -p /app/.bridge
[+] Create path for dvna complete
[*] Inject into dvna: sudo docker cp /home/kali/Downloads/assets/bridge/week10.txt tac425_build_dvna:/app/.bridge/week11.txt
Successfully copied 2.05kB to tac425_build_dvna:/app/.bridge/week11.txt
[+] Inject into dvna complete
[*] Commit dvna: sudo docker commit tac425_build_dvna tac425/dvna:latest
sha256:3eb833ef6be5b5b939bb71260ea0be24c4e406475b80c95244b716ac008a6b53
[+] Commit dvna complete
[*] Pull ssrf2 (attempt 1/3): sudo docker pull appsecco/dsvw
Using default tag: latest
latest: Pulling from appsecco/dsvw
88286f41530e: Pull complete 
31af791c8df4: Pull complete 
5be16836d06f: Pull complete 
Digest: sha256:f5d2da93ea8859b89c8d36e8c0cda936b9238854f3c06c44d1585ae0ffd205cf
Status: Downloaded newer image for appsecco/dsvw:latest
docker.io/appsecco/dsvw:latest
[+] Pull ssrf2 complete
[*] Start temp ssrf2: sudo docker run -d --name tac425_build_ssrf2 appsecco/dsvw
21fec1638c1f870bf9550de9d104f2405af5f79b630a793b000282a778bb5fd3
[+] Start temp ssrf2 complete
[*] Commit ssrf2: sudo docker commit tac425_build_ssrf2 tac425/ssrf2:latest
sha256:937853c97d2a98f63f22a63b1d0032fbdcd786bbace6bf3019f38b08be0ab839
[+] Commit ssrf2 complete
[*] Pull vapi (attempt 1/3): sudo docker pull roottusk/vapi
Using default tag: latest
latest: Pulling from roottusk/vapi
8559a31e96f4: Pull complete 
e0276193a084: Pull complete 
eb2d00c10344: Pull complete 
f54006e0dc29: Pull complete 
e0d3d1244592: Pull complete 
3a60f364b0c5: Pull complete 
3e309988c00b: Pull complete 
42c09ef39fe7: Pull complete 
8faf60068506: Pull complete 
c59965a5777f: Pull complete 
db37570cfdf4: Pull complete 
2c289722ebb3: Pull complete 
491a234e2c26: Pull complete 
fa4f4238c5d2: Pull complete 
af83c608a9ab: Pull complete 
554bf04befd5: Pull complete 
Digest: sha256:e760c3d4a57fa9c9c861a7dd657f6d8cbad92f8b703a49fa994d85e6e38769da
Status: Downloaded newer image for roottusk/vapi:latest
docker.io/roottusk/vapi:latest
[+] Pull vapi complete
[*] Start temp vapi: sudo docker run -d --name tac425_build_vapi roottusk/vapi
bd35fb407e935f593caaccec92737f4774fa349ba096e517f2cd0bb72c3fb8d8
[+] Start temp vapi complete
[*] Create path for vapi: sudo docker exec -u root tac425_build_vapi mkdir -p /app/.bridge
[+] Create path for vapi complete
[*] Inject into vapi: sudo docker cp /home/kali/Downloads/assets/bridge/week09.txt tac425_build_vapi:/app/.bridge/week10.txt
Successfully copied 2.05kB to tac425_build_vapi:/app/.bridge/week10.txt
[+] Inject into vapi complete
[*] Create path for vapi: sudo docker exec -u root tac425_build_vapi mkdir -p /app/.bridge
[+] Create path for vapi complete
[*] Inject into vapi: sudo docker cp /home/kali/Downloads/assets/bridge/week11.txt tac425_build_vapi:/app/.bridge/week12.txt
Successfully copied 2.05kB to tac425_build_vapi:/app/.bridge/week12.txt
[+] Inject into vapi complete
[*] Commit vapi: sudo docker commit tac425_build_vapi tac425/vapi:latest
sha256:d5de76264a74ebc79cf4fdb1783307051039b7c49f3e6305e3390a5aea00d70e
[+] Commit vapi complete
[*] Pull ssrf (attempt 1/3): sudo docker pull nyctophobia/ssrf-playground:latest
latest: Pulling from nyctophobia/ssrf-playground
92473f7ef455: Pull complete 
fb52bde70123: Pull complete 
64788f86be3f: Pull complete 
33f6d5f2e001: Pull complete 
fa62b2955c41: Pull complete 
4b3d6668ccf4: Pull complete 
98ea9eb2796b: Pull complete 
c749adeab483: Pull complete 
Digest: sha256:2cfaac98f65757d9750e33a00789e8e125294d25fa5900026cae250d2602c319
Status: Downloaded newer image for nyctophobia/ssrf-playground:latest
docker.io/nyctophobia/ssrf-playground:latest
[+] Pull ssrf complete
[*] Start temp ssrf: sudo docker run -d --name tac425_build_ssrf nyctophobia/ssrf-playground:latest
277abcbc3e3b8b46fa98274088efa6252799609665394e5059b8b57758f06a92
[+] Start temp ssrf complete
[*] Create path for ssrf: sudo docker exec -u root tac425_build_ssrf mkdir -p /etc
[+] Create path for ssrf complete
[*] Inject into ssrf: sudo docker cp /home/kali/Downloads/assets/lab09/flag.txt tac425_build_ssrf:/etc/flag.txt
Successfully copied 2.05kB to tac425_build_ssrf:/etc/flag.txt
[+] Inject into ssrf complete
[*] Create path for ssrf: sudo docker exec -u root tac425_build_ssrf mkdir -p /var/www/html/.bridge
[+] Create path for ssrf complete
[*] Inject into ssrf: sudo docker cp /home/kali/Downloads/assets/bridge/week12.txt tac425_build_ssrf:/var/www/html/.bridge/week13.txt
Successfully copied 2.05kB to tac425_build_ssrf:/var/www/html/.bridge/week13.txt
[+] Inject into ssrf complete
[*] Commit ssrf: sudo docker commit tac425_build_ssrf tac425/ssrf:latest
sha256:ae9c0b04d3812f7235dbffeb9fbd0cc176821d58dd16d8e999d963a2082b215b
[+] Commit ssrf complete
[*] Pull javafaces (attempt 1/3): sudo docker pull tomcat:9.0
9.0: Pulling from library/tomcat
cb259a83ac3d: Pull complete 
d264b91a55d8: Pull complete 
28e0126b19f1: Pull complete 
4f4fb700ef54: Pull complete 
72c6a52a9f2d: Pull complete 
2217196c4d32: Pull complete 
05836adc6d87: Pull complete 
Digest: sha256:660a04b6b3a0e028136bb9bdccaf9bbaa276021df4f23e5ceb2856a9b3938977
Status: Downloaded newer image for tomcat:9.0
docker.io/library/tomcat:9.0
[+] Pull javafaces complete
[*] Start temp javafaces: sudo docker run -d --name tac425_build_javafaces tomcat:9.0
3153aab7e84cd7803cb7451f35028a7a34b59bfc9d5c81e952b22b7329741520
[+] Start temp javafaces complete
[*] Create path for javafaces: sudo docker exec -u root tac425_build_javafaces mkdir -p /var/backups
[+] Create path for javafaces complete
[*] Inject into javafaces: sudo docker cp /home/kali/Downloads/assets/lab10/tomcat-stuff.zip tac425_build_javafaces:/var/backups/tomcat-stuff.zip
Successfully copied 2.05kB to tac425_build_javafaces:/var/backups/tomcat-stuff.zip
[+] Inject into javafaces complete
[*] Create path for javafaces: sudo docker exec -u root tac425_build_javafaces mkdir -p /var/backups
[+] Create path for javafaces complete
[*] Inject into javafaces: sudo docker cp /home/kali/Downloads/assets/lab10/xml.bak tac425_build_javafaces:/var/backups/xml.bak
Successfully copied 2.05kB to tac425_build_javafaces:/var/backups/xml.bak
[+] Inject into javafaces complete
[*] Create path for javafaces: sudo docker exec -u root tac425_build_javafaces mkdir -p /usr/local/tomcat/webapps/.bridge
[+] Create path for javafaces complete
[*] Inject into javafaces: sudo docker cp /home/kali/Downloads/assets/bridge/week13.txt tac425_build_javafaces:/usr/local/tomcat/webapps/.bridge/week14.txt
Successfully copied 2.05kB to tac425_build_javafaces:/usr/local/tomcat/webapps/.bridge/week14.txt
[+] Inject into javafaces complete
[*] Commit javafaces: sudo docker commit tac425_build_javafaces tac425/javafaces:latest
sha256:fc962c2d98d9460f29f4562aa0b64ba7a22f1ca3b3c60df6afc851c6a6877b42
[+] Commit javafaces complete
[*] Pull drupal9 (attempt 1/3): sudo docker pull ricardoamaro/drupal9
Using default tag: latest
latest: Pulling from ricardoamaro/drupal9
16ec32c2132b: Pull complete 
f2c0666f16c0: Pull complete 
72774330932e: Pull complete 
1862b833a4bf: Pull complete 
6f0ae3243a3f: Pull complete 
52915fe13fc6: Pull complete 
b4aa7a23780e: Pull complete 
886ec5586db4: Pull complete 
021ab219e98f: Pull complete 
e089fea3b3f3: Pull complete 
7de65d6bc4a7: Pull complete 
1c0bbb00d05d: Pull complete 
54f9b26fe0c4: Pull complete 
711a4f0c8cf4: Pull complete 
3f4b2676cac7: Pull complete 
4f4fb700ef54: Pull complete 
Digest: sha256:8bd2f896621ecfc1ea5005aca7c19a5b9ce16c733bb40c665025d852843baf47
Status: Downloaded newer image for ricardoamaro/drupal9:latest
docker.io/ricardoamaro/drupal9:latest
[+] Pull drupal9 complete
[*] Start temp drupal9: sudo docker run -d --name tac425_build_drupal9 ricardoamaro/drupal9
7a5176601cbb11b2861621e1ae35997541b217cf69970acc047ad37353379f5e
[+] Start temp drupal9 complete
[*] Create path for drupal9: sudo docker exec -u root tac425_build_drupal9 mkdir -p /var/www/html
[+] Create path for drupal9 complete
[*] Inject into drupal9: sudo docker cp /home/kali/Downloads/assets/lab11/robots.txt tac425_build_drupal9:/var/www/html/robots.txt
Successfully copied 2.05kB to tac425_build_drupal9:/var/www/html/robots.txt
[+] Inject into drupal9 complete
[*] Commit drupal9: sudo docker commit tac425_build_drupal9 tac425/drupal9:latest
sha256:028c61a214e48f889aecee72d7074d9b1302235509668d6c7768184c71b87c86
[+] Commit drupal9 complete
[*] Pull ctfd (attempt 1/3): sudo docker pull ctfd/ctfd:2.2.1-dev
2.2.1-dev: Pulling from ctfd/ctfd
e6b0cf9c0882: Pull complete 
da0e9bf0cc60: Pull complete 
b9340422295e: Pull complete 
3c651fc490ae: Pull complete 
aa5f53becb54: Pull complete 
5c27be8e2523: Pull complete 
ca69a8b2c401: Pull complete 
466f832054db: Pull complete 
a95d055fa94c: Pull complete 
8693dfbf38f8: Pull complete 
54da74b2ad98: Pull complete 
8b20e2b0bdc4: Pull complete 
90b6eda1223f: Pull complete 
ff0b26cf744c: Pull complete 
92d34b10c366: Pull complete 
Digest: sha256:272ca119291a01327d1bd07f57bf7bc67b563187ef3bfb34513c70d857d1ba51
Status: Downloaded newer image for ctfd/ctfd:2.2.1-dev
docker.io/ctfd/ctfd:2.2.1-dev
[+] Pull ctfd complete
[*] Start temp ctfd: sudo docker run -d --name tac425_build_ctfd ctfd/ctfd:2.2.1-dev
bf98890f049f01b4d1d58b1a5a2e45f8542be774922b03ecf4f80a3bd98c32e5
[+] Start temp ctfd complete
[*] Commit ctfd: sudo docker commit tac425_build_ctfd tac425/ctfd:latest
sha256:52d41fbe049755321b5c50c67196d68c76c5dcec1dce3b9aaf269c5c0b62ca75
[+] Commit ctfd complete
[+] Finished Build labs
[*] Starting Generate runtime files
[+] Finished Generate runtime files

=== INSTALL COMPLETE ===
Work dir: /home/kali/TAC425
Log file: /home/kali/TAC425/install.log
Validation: /home/kali/TAC425/validate_hints.sh

Total installation time: 11m 18s

Run a lab from the TAC425 directory, for example:
  cd ~/TAC425 && ./lab01_start.sh

[+] Total installation time: 11m 18s
